// Jest Snapshot v1, https://goo.gl/fbAQLP

exports[`renders CardList 1`] = `
<div>
  <Card
    email="john@gmail.com"
    id={1}
    key="0"
    name="John Smith"
  />
</div>
`;
